185.100.20.1 - - [03/Jan/2026:18:17:53 +0000] "GET /login?user=admin&pass=' OR '1'='1 HTTP/1.1" 403 4506 "-" "Googlebot/2.1 (+http://www.google.com/bot.html)"
10.10.10.5 - - [04/Jan/2026:00:12:11 +0000] "GET /images/logo.png HTTP/1.1" 301 4083 "-" "Mozilla/5.0 (Macintosh; Intel Mac OS X 10_15_7)"
10.0.0.2 - - [03/Jan/2026:21:39:02 +0000] "GET /login HTTP/1.1" 301 697 "-" "Mozilla/5.0 (Macintosh; Intel Mac OS X 10_15_7)"
172.16.0.55 - - [04/Jan/2026:05:45:00 +0000] "GET /js/main.js HTTP/1.1" 200 1658 "-" "Mozilla/5.0 (Windows NT 10.0; Win64; x64)"
192.168.1.5 - - [03/Jan/2026:20:00:35 +0000] "GET /contact HTTP/1.1" 301 800 "-" "Mozilla/5.0 (Windows NT 10.0; Win64; x64)"
172.16.0.55 - - [03/Jan/2026:23:50:46 +0000] "GET /products?id=1 HTTP/1.1" 200 1430 "-" "Mozilla/5.0 (X11; Linux x86_64)"
10.0.0.2 - - [04/Jan/2026:10:10:35 +0000] "GET /js/main.js HTTP/1.1" 200 2251 "-" "Mozilla/5.0 (Windows NT 10.0; Win64; x64)"
192.168.1.5 - - [04/Jan/2026:07:59:57 +0000] "GET /contact HTTP/1.1" 200 3993 "-" "Googlebot/2.1 (+http://www.google.com/bot.html)"
10.10.10.5 - - [04/Jan/2026:10:45:26 +0000] "GET /js/main.js HTTP/1.1" 301 3546 "-" "Mozilla/5.0 (Windows NT 10.0; Win64; x64)"
172.16.0.55 - - [04/Jan/2026:02:22:11 +0000] "GET /about.html HTTP/1.1" 301 1188 "-" "Mozilla/5.0 (X11; Linux x86_64)"
10.10.10.5 - - [04/Jan/2026:01:41:44 +0000] "GET /login HTTP/1.1" 304 2659 "-" "Googlebot/2.1 (+http://www.google.com/bot.html)"
192.168.1.5 - - [03/Jan/2026:23:40:54 +0000] "GET /login HTTP/1.1" 301 4019 "-" "Googlebot/2.1 (+http://www.google.com/bot.html)"
192.168.1.5 - - [04/Jan/2026:05:28:24 +0000] "GET /login HTTP/1.1" 200 1527 "-" "Mozilla/5.0 (X11; Linux x86_64)"
172.16.0.55 - - [04/Jan/2026:03:21:03 +0000] "GET /about.html HTTP/1.1" 200 2486 "-" "Googlebot/2.1 (+http://www.google.com/bot.html)"
185.100.20.1 - - [04/Jan/2026:07:14:07 +0000] "GET /api?payload=eyJmb28iOiJhYmMifQ== HTTP/1.1" 403 3268 "-" "Mozilla/5.0 (Windows NT 10.0; Win64; x64)"
192.168.1.5 - - [03/Jan/2026:18:01:27 +0000] "GET /products?id=1 HTTP/1.1" 301 374 "-" "Mozilla/5.0 (Windows NT 10.0; Win64; x64)"
10.0.0.2 - - [04/Jan/2026:03:27:56 +0000] "GET /index.php HTTP/1.1" 200 1305 "-" "Mozilla/5.0 (Macintosh; Intel Mac OS X 10_15_7)"
172.16.0.55 - - [04/Jan/2026:08:57:43 +0000] "GET /images/logo.png HTTP/1.1" 200 1473 "-" "Mozilla/5.0 (Windows NT 10.0; Win64; x64)"
192.168.1.102 - - [04/Jan/2026:13:24:57 +0000] "GET /index.php?id=1 UNION SELECT username, password FROM users HTTP/1.1" 200 4091 "-" "Mozilla/5.0 (X11; Linux x86_64)"
10.0.0.2 - - [04/Jan/2026:01:06:09 +0000] "GET /about.html HTTP/1.1" 200 3476 "-" "Mozilla/5.0 (Macintosh; Intel Mac OS X 10_15_7)"
192.168.1.102 - - [04/Jan/2026:16:00:17 +0000] "GET /search?q=<script>alert('Hacked')</script> HTTP/1.1" 403 3576 "-" "Googlebot/2.1 (+http://www.google.com/bot.html)"
103.20.10.5 - - [04/Jan/2026:02:46:26 +0000] "GET /misc?data=%255c%255c..%255c%255cwindows HTTP/1.1" 403 3974 "-" "Mozilla/5.0 (X11; Linux x86_64)"
192.168.1.5 - - [04/Jan/2026:14:34:49 +0000] "GET /login HTTP/1.1" 301 178 "-" "Mozilla/5.0 (X11; Linux x86_64)"
10.10.10.5 - - [04/Jan/2026:00:36:22 +0000] "GET /images/logo.png HTTP/1.1" 301 920 "-" "Mozilla/5.0 (X11; Linux x86_64)"
10.10.10.5 - - [04/Jan/2026:08:23:17 +0000] "GET /images/logo.png HTTP/1.1" 304 244 "-" "Mozilla/5.0 (Windows NT 10.0; Win64; x64)"
192.168.1.5 - - [04/Jan/2026:10:25:38 +0000] "GET /index.php HTTP/1.1" 200 1905 "-" "Mozilla/5.0 (Macintosh; Intel Mac OS X 10_15_7)"
23.23.23.23 - - [04/Jan/2026:11:01:34 +0000] "GET /misc?data=%255c%255c..%255c%255cwindows HTTP/1.1" 500 3761 "-" "Mozilla/5.0 (X11; Linux x86_64)"
192.168.1.5 - - [04/Jan/2026:13:27:45 +0000] "GET /js/main.js HTTP/1.1" 200 2238 "-" "Googlebot/2.1 (+http://www.google.com/bot.html)"
10.0.0.2 - - [04/Jan/2026:11:08:45 +0000] "GET /contact HTTP/1.1" 301 4863 "-" "Googlebot/2.1 (+http://www.google.com/bot.html)"
172.16.0.55 - - [03/Jan/2026:17:39:12 +0000] "GET /js/main.js HTTP/1.1" 304 1526 "-" "Googlebot/2.1 (+http://www.google.com/bot.html)"
10.0.0.2 - - [04/Jan/2026:04:11:47 +0000] "GET /products?id=1 HTTP/1.1" 200 2808 "-" "Mozilla/5.0 (Macintosh; Intel Mac OS X 10_15_7)"
192.168.1.5 - - [04/Jan/2026:14:06:15 +0000] "GET /about.html HTTP/1.1" 200 3544 "-" "Mozilla/5.0 (X11; Linux x86_64)"
10.10.10.5 - - [03/Jan/2026:22:26:54 +0000] "GET /about.html HTTP/1.1" 301 2931 "-" "Mozilla/5.0 (Macintosh; Intel Mac OS X 10_15_7)"
172.16.0.55 - - [04/Jan/2026:07:16:56 +0000] "GET /js/main.js HTTP/1.1" 301 245 "-" "Mozilla/5.0 (X11; Linux x86_64)"
185.100.20.1 - - [03/Jan/2026:18:22:15 +0000] "GET /misc?data=%255c%255c..%255c%255cwindows HTTP/1.1" 200 309 "-" "Mozilla/5.0 (X11; Linux x86_64)"
10.10.10.5 - - [04/Jan/2026:01:31:43 +0000] "GET /misc?data=%255c%255c..%255c%255cwindows HTTP/1.1" 403 1347 "-" "Googlebot/2.1 (+http://www.google.com/bot.html)"
192.168.1.5 - - [04/Jan/2026:05:29:34 +0000] "GET /about.html HTTP/1.1" 200 3630 "-" "Mozilla/5.0 (Macintosh; Intel Mac OS X 10_15_7)"
172.16.0.55 - - [03/Jan/2026:20:02:19 +0000] "GET /images/logo.png HTTP/1.1" 301 3108 "-" "Googlebot/2.1 (+http://www.google.com/bot.html)"
192.168.1.102 - - [03/Jan/2026:17:30:49 +0000] "GET /images/logo.png HTTP/1.1" 200 428 "-" "Mozilla/5.0 (X11; Linux x86_64)"
192.168.1.102 - - [03/Jan/2026:17:18:43 +0000] "GET /products?id=1 HTTP/1.1" 301 2251 "-" "Googlebot/2.1 (+http://www.google.com/bot.html)"
192.168.1.102 - - [04/Jan/2026:00:19:52 +0000] "GET /index.php HTTP/1.1" 301 324 "-" "Mozilla/5.0 (Windows NT 10.0; Win64; x64)"
192.168.1.5 - - [03/Jan/2026:18:31:27 +0000] "GET /index.php HTTP/1.1" 301 4060 "-" "Mozilla/5.0 (Macintosh; Intel Mac OS X 10_15_7)"
192.168.1.5 - - [04/Jan/2026:13:26:23 +0000] "GET /login HTTP/1.1" 301 434 "-" "Mozilla/5.0 (X11; Linux x86_64)"
10.0.0.2 - - [04/Jan/2026:01:47:41 +0000] "GET /about.html HTTP/1.1" 200 2071 "-" "Googlebot/2.1 (+http://www.google.com/bot.html)"
103.20.10.5 - - [04/Jan/2026:12:19:01 +0000] "GET /search?q=<script>alert('Hacked')</script> HTTP/1.1" 200 2803 "-" "Mozilla/5.0 (X11; Linux x86_64)"
192.168.1.5 - - [04/Jan/2026:00:49:59 +0000] "GET /images/logo.png HTTP/1.1" 301 323 "-" "Mozilla/5.0 (Macintosh; Intel Mac OS X 10_15_7)"
192.168.1.5 - - [04/Jan/2026:00:48:27 +0000] "GET /login HTTP/1.1" 301 410 "-" "Mozilla/5.0 (Macintosh; Intel Mac OS X 10_15_7)"
10.10.10.5 - - [04/Jan/2026:09:16:15 +0000] "GET /images/logo.png HTTP/1.1" 200 275 "-" "Mozilla/5.0 (X11; Linux x86_64)"
192.168.1.5 - - [03/Jan/2026:22:09:01 +0000] "GET /css/style.css HTTP/1.1" 301 1384 "-" "Mozilla/5.0 (Windows NT 10.0; Win64; x64)"
172.16.0.55 - - [04/Jan/2026:03:42:00 +0000] "GET /about.html HTTP/1.1" 200 1953 "-" "Googlebot/2.1 (+http://www.google.com/bot.html)"
192.168.1.5 - - [03/Jan/2026:22:59:40 +0000] "GET /about.html HTTP/1.1" 200 1536 "-" "Mozilla/5.0 (Macintosh; Intel Mac OS X 10_15_7)"
192.168.1.5 - - [03/Jan/2026:22:01:32 +0000] "GET /images/logo.png HTTP/1.1" 200 1814 "-" "Mozilla/5.0 (Macintosh; Intel Mac OS X 10_15_7)"
10.10.10.5 - - [03/Jan/2026:22:48:29 +0000] "GET /products?id=1 HTTP/1.1" 301 4760 "-" "Mozilla/5.0 (Windows NT 10.0; Win64; x64)"
10.0.0.2 - - [03/Jan/2026:18:50:55 +0000] "GET /images/logo.png HTTP/1.1" 200 2523 "-" "Mozilla/5.0 (X11; Linux x86_64)"
10.0.0.2 - - [04/Jan/2026:11:15:54 +0000] "GET /images/logo.png HTTP/1.1" 200 4866 "-" "Mozilla/5.0 (Macintosh; Intel Mac OS X 10_15_7)"
10.0.0.2 - - [04/Jan/2026:12:00:18 +0000] "GET /login HTTP/1.1" 301 4868 "-" "Mozilla/5.0 (Windows NT 10.0; Win64; x64)"
172.16.0.55 - - [03/Jan/2026:17:01:01 +0000] "GET /js/main.js HTTP/1.1" 200 1606 "-" "Mozilla/5.0 (Macintosh; Intel Mac OS X 10_15_7)"
10.0.0.2 - - [04/Jan/2026:08:11:59 +0000] "GET /images/logo.png HTTP/1.1" 304 1023 "-" "Mozilla/5.0 (X11; Linux x86_64)"
192.168.1.102 - - [04/Jan/2026:10:11:13 +0000] "GET /about.html HTTP/1.1" 304 4715 "-" "Mozilla/5.0 (X11; Linux x86_64)"
10.0.0.2 - - [03/Jan/2026:19:03:14 +0000] "GET /index.php HTTP/1.1" 200 3788 "-" "Mozilla/5.0 (Windows NT 10.0; Win64; x64)"
192.168.1.5 - - [03/Jan/2026:18:24:36 +0000] "GET /download?file=../../../../etc/passwd HTTP/1.1" 403 1813 "-" "Mozilla/5.0 (Macintosh; Intel Mac OS X 10_15_7)"
172.16.0.55 - - [04/Jan/2026:12:03:24 +0000] "GET /images/logo.png HTTP/1.1" 200 3713 "-" "Mozilla/5.0 (Macintosh; Intel Mac OS X 10_15_7)"
10.0.0.2 - - [04/Jan/2026:12:01:55 +0000] "GET /index.php HTTP/1.1" 200 3120 "-" "Googlebot/2.1 (+http://www.google.com/bot.html)"
192.168.1.5 - - [03/Jan/2026:18:55:35 +0000] "GET /index.php HTTP/1.1" 301 1562 "-" "Googlebot/2.1 (+http://www.google.com/bot.html)"
192.168.1.5 - - [04/Jan/2026:04:31:49 +0000] "GET /css/style.css HTTP/1.1" 200 1713 "-" "Googlebot/2.1 (+http://www.google.com/bot.html)"
192.168.1.102 - - [04/Jan/2026:13:18:15 +0000] "GET /index.php?id=1 UNION SELECT username, password FROM users HTTP/1.1" 500 779 "-" "Googlebot/2.1 (+http://www.google.com/bot.html)"
103.20.10.5 - - [04/Jan/2026:07:44:04 +0000] "GET /search?q=<script>alert('Hacked')</script> HTTP/1.1" 200 3367 "-" "Mozilla/5.0 (Windows NT 10.0; Win64; x64)"
172.16.0.55 - - [04/Jan/2026:08:42:38 +0000] "GET /css/style.css HTTP/1.1" 301 2789 "-" "Mozilla/5.0 (Windows NT 10.0; Win64; x64)"
172.16.0.55 - - [04/Jan/2026:00:52:20 +0000] "GET /products?id=1 HTTP/1.1" 200 1792 "-" "Mozilla/5.0 (Windows NT 10.0; Win64; x64)"
10.0.0.2 - - [04/Jan/2026:06:19:17 +0000] "GET /contact HTTP/1.1" 301 3419 "-" "Googlebot/2.1 (+http://www.google.com/bot.html)"
192.168.1.5 - - [04/Jan/2026:15:31:57 +0000] "GET /contact HTTP/1.1" 301 3523 "-" "Mozilla/5.0 (X11; Linux x86_64)"
172.16.0.55 - - [03/Jan/2026:18:50:49 +0000] "GET /images/logo.png HTTP/1.1" 200 3309 "-" "Mozilla/5.0 (Macintosh; Intel Mac OS X 10_15_7)"
192.168.1.5 - - [04/Jan/2026:05:00:37 +0000] "GET /css/style.css HTTP/1.1" 301 3988 "-" "Mozilla/5.0 (Windows NT 10.0; Win64; x64)"
10.10.10.5 - - [03/Jan/2026:17:48:01 +0000] "GET /js/main.js HTTP/1.1" 304 1520 "-" "Mozilla/5.0 (Windows NT 10.0; Win64; x64)"
10.0.0.2 - - [04/Jan/2026:11:51:52 +0000] "GET /index.php HTTP/1.1" 301 1986 "-" "Mozilla/5.0 (Macintosh; Intel Mac OS X 10_15_7)"
192.168.1.5 - - [04/Jan/2026:01:54:58 +0000] "GET /css/style.css HTTP/1.1" 304 1805 "-" "Googlebot/2.1 (+http://www.google.com/bot.html)"
103.20.10.5 - - [04/Jan/2026:06:34:00 +0000] "GET /api?cmd=;cat /etc/shadow HTTP/1.1" 500 3989 "-" "Mozilla/5.0 (Windows NT 10.0; Win64; x64)"
192.168.1.102 - - [03/Jan/2026:22:42:22 +0000] "GET /css/style.css HTTP/1.1" 304 2556 "-" "Mozilla/5.0 (X11; Linux x86_64)"
172.16.0.55 - - [04/Jan/2026:09:18:12 +0000] "GET /index.php HTTP/1.1" 301 3956 "-" "Mozilla/5.0 (Windows NT 10.0; Win64; x64)"
10.10.10.5 - - [04/Jan/2026:11:38:09 +0000] "GET /products?id=1 HTTP/1.1" 301 1845 "-" "Mozilla/5.0 (X11; Linux x86_64)"
10.10.10.5 - - [03/Jan/2026:22:04:23 +0000] "GET /css/style.css HTTP/1.1" 200 933 "-" "Mozilla/5.0 (Windows NT 10.0; Win64; x64)"
192.168.1.5 - - [04/Jan/2026:15:53:43 +0000] "GET /contact HTTP/1.1" 301 1301 "-" "Googlebot/2.1 (+http://www.google.com/bot.html)"
10.0.0.2 - - [03/Jan/2026:18:29:49 +0000] "GET /login HTTP/1.1" 200 361 "-" "Googlebot/2.1 (+http://www.google.com/bot.html)"
192.168.1.5 - - [04/Jan/2026:13:14:41 +0000] "GET /login HTTP/1.1" 301 2019 "-" "Mozilla/5.0 (X11; Linux x86_64)"
10.10.10.5 - - [04/Jan/2026:04:40:47 +0000] "GET /login HTTP/1.1" 200 1845 "-" "Mozilla/5.0 (X11; Linux x86_64)"
192.168.1.102 - - [03/Jan/2026:21:16:52 +0000] "GET /images/logo.png HTTP/1.1" 304 912 "-" "Mozilla/5.0 (Windows NT 10.0; Win64; x64)"
192.168.1.102 - - [03/Jan/2026:19:05:34 +0000] "GET /js/main.js HTTP/1.1" 301 1743 "-" "Mozilla/5.0 (Macintosh; Intel Mac OS X 10_15_7)"
192.168.1.102 - - [04/Jan/2026:08:05:11 +0000] "GET /about.html HTTP/1.1" 301 3250 "-" "Mozilla/5.0 (Macintosh; Intel Mac OS X 10_15_7)"
10.10.10.5 - - [04/Jan/2026:13:39:35 +0000] "GET /contact HTTP/1.1" 200 717 "-" "Mozilla/5.0 (X11; Linux x86_64)"
10.0.0.2 - - [04/Jan/2026:10:15:01 +0000] "GET /contact HTTP/1.1" 304 103 "-" "Mozilla/5.0 (Windows NT 10.0; Win64; x64)"
10.10.10.5 - - [03/Jan/2026:18:50:42 +0000] "GET /index.php HTTP/1.1" 301 1944 "-" "Googlebot/2.1 (+http://www.google.com/bot.html)"
172.16.0.55 - - [04/Jan/2026:13:23:45 +0000] "GET /images/logo.png HTTP/1.1" 301 1899 "-" "Mozilla/5.0 (Macintosh; Intel Mac OS X 10_15_7)"
10.0.0.2 - - [04/Jan/2026:05:21:44 +0000] "GET /images/logo.png HTTP/1.1" 200 1556 "-" "Googlebot/2.1 (+http://www.google.com/bot.html)"
192.168.1.102 - - [04/Jan/2026:11:10:00 +0000] "GET /contact HTTP/1.1" 301 2807 "-" "Mozilla/5.0 (Macintosh; Intel Mac OS X 10_15_7)"
192.168.1.102 - - [04/Jan/2026:04:36:26 +0000] "GET /index.php HTTP/1.1" 200 1725 "-" "Mozilla/5.0 (Macintosh; Intel Mac OS X 10_15_7)"
10.0.0.2 - - [04/Jan/2026:07:59:02 +0000] "GET /css/style.css HTTP/1.1" 200 1153 "-" "Mozilla/5.0 (Macintosh; Intel Mac OS X 10_15_7)"
192.168.1.102 - - [04/Jan/2026:02:42:53 +0000] "GET /about.html HTTP/1.1" 304 4322 "-" "Mozilla/5.0 (Windows NT 10.0; Win64; x64)"
192.168.1.102 - - [03/Jan/2026:23:23:28 +0000] "GET /login HTTP/1.1" 304 2446 "-" "Mozilla/5.0 (Windows NT 10.0; Win64; x64)"
192.168.1.5 - - [03/Jan/2026:21:48:04 +0000] "GET /products?id=1 HTTP/1.1" 200 668 "-" "Mozilla/5.0 (X11; Linux x86_64)"
10.0.0.2 - - [04/Jan/2026:14:40:34 +0000] "GET /index.php?id=1 UNION SELECT username, password FROM users HTTP/1.1" 500 572 "-" "Mozilla/5.0 (Macintosh; Intel Mac OS X 10_15_7)"
192.168.1.102 - - [04/Jan/2026:06:34:40 +0000] "GET /index.php HTTP/1.1" 304 2128 "-" "Googlebot/2.1 (+http://www.google.com/bot.html)"
172.16.0.55 - - [04/Jan/2026:00:10:30 +0000] "GET /download?file=../../../../etc/passwd HTTP/1.1" 500 3668 "-" "Mozilla/5.0 (Macintosh; Intel Mac OS X 10_15_7)"
172.16.0.55 - - [03/Jan/2026:16:55:54 +0000] "GET /index.php HTTP/1.1" 200 618 "-" "Googlebot/2.1 (+http://www.google.com/bot.html)"
192.168.1.5 - - [04/Jan/2026:08:50:44 +0000] "GET /about.html HTTP/1.1" 304 4968 "-" "Mozilla/5.0 (X11; Linux x86_64)"
172.16.0.55 - - [03/Jan/2026:18:51:44 +0000] "GET /products?id=1 HTTP/1.1" 200 3206 "-" "Mozilla/5.0 (Windows NT 10.0; Win64; x64)"
10.10.10.5 - - [04/Jan/2026:06:07:16 +0000] "GET /contact HTTP/1.1" 200 2308 "-" "Mozilla/5.0 (Windows NT 10.0; Win64; x64)"
10.10.10.5 - - [04/Jan/2026:12:27:47 +0000] "GET /js/main.js HTTP/1.1" 301 1976 "-" "Googlebot/2.1 (+http://www.google.com/bot.html)"
192.168.1.5 - - [04/Jan/2026:02:45:01 +0000] "GET /products?id=1 HTTP/1.1" 301 3495 "-" "Mozilla/5.0 (X11; Linux x86_64)"
49.99.13.16 - - [04/Jan/2026:00:36:14 +0000] "GET /api?cmd=;cat /etc/shadow HTTP/1.1" 500 4475 "-" "Mozilla/5.0 (Macintosh; Intel Mac OS X 10_15_7)"
10.10.10.5 - - [04/Jan/2026:03:48:03 +0000] "GET /css/style.css HTTP/1.1" 200 2366 "-" "Mozilla/5.0 (Windows NT 10.0; Win64; x64)"
10.0.0.2 - - [04/Jan/2026:12:50:13 +0000] "GET /images/logo.png HTTP/1.1" 301 2461 "-" "Googlebot/2.1 (+http://www.google.com/bot.html)"
172.16.0.55 - - [04/Jan/2026:00:15:31 +0000] "GET /contact HTTP/1.1" 304 2411 "-" "Mozilla/5.0 (X11; Linux x86_64)"
192.168.1.5 - - [03/Jan/2026:21:11:01 +0000] "GET /about.html HTTP/1.1" 304 422 "-" "Mozilla/5.0 (X11; Linux x86_64)"
10.10.10.5 - - [03/Jan/2026:18:54:05 +0000] "GET /css/style.css HTTP/1.1" 304 3760 "-" "Mozilla/5.0 (X11; Linux x86_64)"
10.10.10.5 - - [04/Jan/2026:11:45:58 +0000] "GET /about.html HTTP/1.1" 200 1614 "-" "Mozilla/5.0 (X11; Linux x86_64)"
192.168.1.102 - - [04/Jan/2026:11:21:30 +0000] "GET /images/logo.png HTTP/1.1" 301 4877 "-" "Mozilla/5.0 (Macintosh; Intel Mac OS X 10_15_7)"
103.20.10.5 - - [04/Jan/2026:01:08:04 +0000] "GET /api?payload=eyJmb28iOiJhYmMifQ== HTTP/1.1" 403 3193 "-" "Mozilla/5.0 (Macintosh; Intel Mac OS X 10_15_7)"
172.16.0.55 - - [04/Jan/2026:06:33:59 +0000] "GET /contact HTTP/1.1" 200 1880 "-" "Mozilla/5.0 (Macintosh; Intel Mac OS X 10_15_7)"
172.16.0.55 - - [03/Jan/2026:23:39:07 +0000] "GET /images/logo.png HTTP/1.1" 200 2104 "-" "Mozilla/5.0 (Windows NT 10.0; Win64; x64)"
192.168.1.5 - - [04/Jan/2026:09:09:51 +0000] "GET /misc?data=%255c%255c..%255c%255cwindows HTTP/1.1" 200 3515 "-" "Mozilla/5.0 (Macintosh; Intel Mac OS X 10_15_7)"
172.16.0.55 - - [03/Jan/2026:21:23:27 +0000] "GET /login?user=admin&pass=' OR '1'='1 HTTP/1.1" 200 4828 "-" "Mozilla/5.0 (Macintosh; Intel Mac OS X 10_15_7)"
172.16.0.55 - - [04/Jan/2026:15:37:54 +0000] "GET /login HTTP/1.1" 301 4458 "-" "Mozilla/5.0 (Windows NT 10.0; Win64; x64)"
172.16.0.55 - - [04/Jan/2026:10:26:44 +0000] "GET /contact HTTP/1.1" 301 2415 "-" "Googlebot/2.1 (+http://www.google.com/bot.html)"
172.16.0.55 - - [04/Jan/2026:12:08:01 +0000] "GET /css/style.css HTTP/1.1" 304 487 "-" "Mozilla/5.0 (Windows NT 10.0; Win64; x64)"
192.168.1.102 - - [04/Jan/2026:16:09:25 +0000] "GET /css/style.css HTTP/1.1" 304 1888 "-" "Mozilla/5.0 (Macintosh; Intel Mac OS X 10_15_7)"
192.168.1.102 - - [04/Jan/2026:07:41:22 +0000] "GET /login HTTP/1.1" 301 4459 "-" "Mozilla/5.0 (Windows NT 10.0; Win64; x64)"
10.0.0.2 - - [03/Jan/2026:18:02:36 +0000] "GET /login HTTP/1.1" 304 2563 "-" "Mozilla/5.0 (Windows NT 10.0; Win64; x64)"
172.16.0.55 - - [04/Jan/2026:12:48:43 +0000] "GET /css/style.css HTTP/1.1" 304 588 "-" "Googlebot/2.1 (+http://www.google.com/bot.html)"
10.0.0.2 - - [03/Jan/2026:20:01:23 +0000] "GET /js/main.js HTTP/1.1" 301 4781 "-" "Mozilla/5.0 (X11; Linux x86_64)"
172.16.0.55 - - [04/Jan/2026:03:11:11 +0000] "GET /index.php HTTP/1.1" 301 4595 "-" "Mozilla/5.0 (Windows NT 10.0; Win64; x64)"
10.0.0.2 - - [04/Jan/2026:04:33:29 +0000] "GET /js/main.js HTTP/1.1" 301 3547 "-" "Googlebot/2.1 (+http://www.google.com/bot.html)"
192.168.1.102 - - [03/Jan/2026:19:19:58 +0000] "GET /js/main.js HTTP/1.1" 200 4645 "-" "Mozilla/5.0 (Windows NT 10.0; Win64; x64)"
10.0.0.2 - - [04/Jan/2026:11:24:51 +0000] "GET /products?id=1 HTTP/1.1" 301 4893 "-" "Mozilla/5.0 (Windows NT 10.0; Win64; x64)"
192.168.1.5 - - [04/Jan/2026:07:35:44 +0000] "GET /js/main.js HTTP/1.1" 200 3917 "-" "Mozilla/5.0 (X11; Linux x86_64)"
49.99.13.16 - - [03/Jan/2026:19:04:00 +0000] "GET /index.php?id=1 UNION SELECT username, password FROM users HTTP/1.1" 200 3572 "-" "Mozilla/5.0 (X11; Linux x86_64)"
192.168.1.102 - - [04/Jan/2026:01:28:54 +0000] "GET /js/main.js HTTP/1.1" 304 223 "-" "Googlebot/2.1 (+http://www.google.com/bot.html)"
192.168.1.102 - - [04/Jan/2026:13:03:08 +0000] "GET /index.php HTTP/1.1" 200 4655 "-" "Mozilla/5.0 (Windows NT 10.0; Win64; x64)"
192.168.1.102 - - [04/Jan/2026:12:17:35 +0000] "GET /index.php HTTP/1.1" 200 440 "-" "Mozilla/5.0 (X11; Linux x86_64)"
192.168.1.102 - - [03/Jan/2026:22:46:13 +0000] "GET /js/main.js HTTP/1.1" 304 380 "-" "Mozilla/5.0 (Macintosh; Intel Mac OS X 10_15_7)"
10.0.0.2 - - [03/Jan/2026:17:39:38 +0000] "GET /products?id=1 HTTP/1.1" 304 300 "-" "Mozilla/5.0 (Windows NT 10.0; Win64; x64)"
14.14.14.14 - - [03/Jan/2026:16:26:25 +0000] "GET /download?file=../../../../etc/passwd HTTP/1.1" 200 607 "-" "Googlebot/2.1 (+http://www.google.com/bot.html)"
10.10.10.5 - - [04/Jan/2026:05:29:00 +0000] "GET /contact HTTP/1.1" 301 866 "-" "Mozilla/5.0 (Macintosh; Intel Mac OS X 10_15_7)"
10.0.0.2 - - [04/Jan/2026:06:52:03 +0000] "GET /index.php?id=1 UNION SELECT username, password FROM users HTTP/1.1" 403 611 "-" "Mozilla/5.0 (X11; Linux x86_64)"
14.14.14.14 - - [04/Jan/2026:00:42:43 +0000] "GET /api?cmd=;cat /etc/shadow HTTP/1.1" 403 3792 "-" "Googlebot/2.1 (+http://www.google.com/bot.html)"
10.10.10.5 - - [04/Jan/2026:12:35:16 +0000] "GET /login HTTP/1.1" 304 2493 "-" "Googlebot/2.1 (+http://www.google.com/bot.html)"
172.16.0.55 - - [03/Jan/2026:18:21:58 +0000] "GET /css/style.css HTTP/1.1" 304 4029 "-" "Mozilla/5.0 (X11; Linux x86_64)"
192.168.1.102 - - [04/Jan/2026:02:30:41 +0000] "GET /index.php HTTP/1.1" 301 2811 "-" "Mozilla/5.0 (X11; Linux x86_64)"
10.10.10.5 - - [03/Jan/2026:21:09:06 +0000] "GET /js/main.js HTTP/1.1" 304 126 "-" "Mozilla/5.0 (Macintosh; Intel Mac OS X 10_15_7)"
192.168.1.5 - - [04/Jan/2026:09:33:11 +0000] "GET /login HTTP/1.1" 304 4028 "-" "Mozilla/5.0 (X11; Linux x86_64)"
192.168.1.102 - - [04/Jan/2026:03:10:03 +0000] "GET /index.php HTTP/1.1" 301 1357 "-" "Googlebot/2.1 (+http://www.google.com/bot.html)"
10.10.10.5 - - [04/Jan/2026:08:35:41 +0000] "GET /login?user=admin&pass=' OR '1'='1 HTTP/1.1" 500 3280 "-" "Mozilla/5.0 (Macintosh; Intel Mac OS X 10_15_7)"
192.168.1.102 - - [04/Jan/2026:10:00:34 +0000] "GET /js/main.js HTTP/1.1" 301 2751 "-" "Mozilla/5.0 (X11; Linux x86_64)"
10.0.0.2 - - [04/Jan/2026:14:03:12 +0000] "GET /products?id=1 HTTP/1.1" 200 2544 "-" "Mozilla/5.0 (X11; Linux x86_64)"
192.168.1.5 - - [04/Jan/2026:07:01:33 +0000] "GET /images/logo.png HTTP/1.1" 200 2682 "-" "Mozilla/5.0 (Windows NT 10.0; Win64; x64)"
10.0.0.2 - - [03/Jan/2026:23:11:12 +0000] "GET /contact HTTP/1.1" 200 2441 "-" "Mozilla/5.0 (X11; Linux x86_64)"
192.168.1.102 - - [03/Jan/2026:23:00:58 +0000] "GET /index.php?id=1 UNION SELECT username, password FROM users HTTP/1.1" 200 1173 "-" "Mozilla/5.0 (Windows NT 10.0; Win64; x64)"
10.10.10.5 - - [03/Jan/2026:16:20:28 +0000] "GET /products?id=1 HTTP/1.1" 304 2209 "-" "Mozilla/5.0 (Windows NT 10.0; Win64; x64)"
172.16.0.55 - - [03/Jan/2026:20:27:31 +0000] "GET /contact HTTP/1.1" 304 4682 "-" "Mozilla/5.0 (Macintosh; Intel Mac OS X 10_15_7)"
10.0.0.2 - - [03/Jan/2026:16:37:52 +0000] "GET /download?file=../../../../etc/passwd HTTP/1.1" 500 305 "-" "Googlebot/2.1 (+http://www.google.com/bot.html)"
192.168.1.5 - - [04/Jan/2026:11:06:50 +0000] "GET /js/main.js HTTP/1.1" 304 1950 "-" "Googlebot/2.1 (+http://www.google.com/bot.html)"
192.168.1.102 - - [03/Jan/2026:22:14:52 +0000] "GET /index.php HTTP/1.1" 301 718 "-" "Mozilla/5.0 (Macintosh; Intel Mac OS X 10_15_7)"
192.168.1.5 - - [03/Jan/2026:16:57:34 +0000] "GET /about.html HTTP/1.1" 304 2050 "-" "Mozilla/5.0 (Windows NT 10.0; Win64; x64)"
172.16.0.55 - - [03/Jan/2026:19:19:14 +0000] "GET /search?q=<script>alert('Hacked')</script> HTTP/1.1" 200 189 "-" "Mozilla/5.0 (X11; Linux x86_64)"
192.168.1.102 - - [04/Jan/2026:12:19:55 +0000] "GET /index.php?id=1 UNION SELECT username, password FROM users HTTP/1.1" 403 1100 "-" "Mozilla/5.0 (X11; Linux x86_64)"
49.99.13.16 - - [04/Jan/2026:07:31:25 +0000] "GET /download?file=../../../../etc/passwd HTTP/1.1" 500 4188 "-" "Googlebot/2.1 (+http://www.google.com/bot.html)"
172.16.0.55 - - [04/Jan/2026:08:54:20 +0000] "GET /index.php HTTP/1.1" 304 2768 "-" "Mozilla/5.0 (X11; Linux x86_64)"
172.16.0.55 - - [04/Jan/2026:14:49:15 +0000] "GET /js/main.js HTTP/1.1" 301 4456 "-" "Googlebot/2.1 (+http://www.google.com/bot.html)"
172.16.0.55 - - [04/Jan/2026:01:42:02 +0000] "GET /index.php HTTP/1.1" 304 4007 "-" "Mozilla/5.0 (X11; Linux x86_64)"
192.168.1.5 - - [03/Jan/2026:22:19:05 +0000] "GET /images/logo.png HTTP/1.1" 200 2816 "-" "Googlebot/2.1 (+http://www.google.com/bot.html)"
192.168.1.102 - - [04/Jan/2026:00:36:11 +0000] "GET /login?user=admin&pass=' OR '1'='1 HTTP/1.1" 403 4410 "-" "Mozilla/5.0 (X11; Linux x86_64)"
10.0.0.2 - - [04/Jan/2026:07:58:06 +0000] "GET /css/style.css HTTP/1.1" 301 4979 "-" "Mozilla/5.0 (Macintosh; Intel Mac OS X 10_15_7)"
172.16.0.55 - - [03/Jan/2026:23:19:02 +0000] "GET /index.php HTTP/1.1" 304 1395 "-" "Mozilla/5.0 (Windows NT 10.0; Win64; x64)"
10.0.0.2 - - [04/Jan/2026:10:40:47 +0000] "GET /images/logo.png HTTP/1.1" 200 3964 "-" "Googlebot/2.1 (+http://www.google.com/bot.html)"
192.168.1.102 - - [04/Jan/2026:15:12:46 +0000] "GET /css/style.css HTTP/1.1" 304 2117 "-" "Mozilla/5.0 (Macintosh; Intel Mac OS X 10_15_7)"
192.168.1.102 - - [03/Jan/2026:17:55:54 +0000] "GET /js/main.js HTTP/1.1" 301 622 "-" "Mozilla/5.0 (Macintosh; Intel Mac OS X 10_15_7)"
172.16.0.55 - - [04/Jan/2026:05:00:44 +0000] "GET /misc?data=%255c%255c..%255c%255cwindows HTTP/1.1" 500 2913 "-" "Mozilla/5.0 (Windows NT 10.0; Win64; x64)"
103.20.10.5 - - [03/Jan/2026:19:01:02 +0000] "GET /misc?data=%255c%255c..%255c%255cwindows HTTP/1.1" 500 4385 "-" "Mozilla/5.0 (Windows NT 10.0; Win64; x64)"
10.0.0.2 - - [04/Jan/2026:09:57:21 +0000] "GET /css/style.css HTTP/1.1" 304 1515 "-" "Mozilla/5.0 (Windows NT 10.0; Win64; x64)"
192.168.1.5 - - [04/Jan/2026:15:12:51 +0000] "GET /index.php HTTP/1.1" 301 4467 "-" "Mozilla/5.0 (X11; Linux x86_64)"
10.0.0.2 - - [04/Jan/2026:14:21:08 +0000] "GET /about.html HTTP/1.1" 200 1566 "-" "Mozilla/5.0 (Macintosh; Intel Mac OS X 10_15_7)"
192.168.1.102 - - [03/Jan/2026:17:10:23 +0000] "GET /css/style.css HTTP/1.1" 304 3886 "-" "Googlebot/2.1 (+http://www.google.com/bot.html)"
10.10.10.5 - - [04/Jan/2026:11:35:54 +0000] "GET /products?id=1 HTTP/1.1" 200 1556 "-" "Googlebot/2.1 (+http://www.google.com/bot.html)"
192.168.1.5 - - [03/Jan/2026:18:33:04 +0000] "GET /misc?data=%255c%255c..%255c%255cwindows HTTP/1.1" 500 4008 "-" "Mozilla/5.0 (X11; Linux x86_64)"
172.16.0.55 - - [04/Jan/2026:03:26:50 +0000] "GET /login HTTP/1.1" 200 440 "-" "Mozilla/5.0 (Windows NT 10.0; Win64; x64)"
14.14.14.14 - - [04/Jan/2026:09:34:08 +0000] "GET /api?cmd=;cat /etc/shadow HTTP/1.1" 200 3860 "-" "Googlebot/2.1 (+http://www.google.com/bot.html)"
192.168.1.102 - - [04/Jan/2026:15:13:19 +0000] "GET /login HTTP/1.1" 301 1860 "-" "Mozilla/5.0 (X11; Linux x86_64)"
172.16.0.55 - - [03/Jan/2026:17:40:37 +0000] "GET /products?id=1 HTTP/1.1" 200 4035 "-" "Googlebot/2.1 (+http://www.google.com/bot.html)"
10.10.10.5 - - [04/Jan/2026:08:36:39 +0000] "GET /api?cmd=;cat /etc/shadow HTTP/1.1" 500 3554 "-" "Googlebot/2.1 (+http://www.google.com/bot.html)"
192.168.1.102 - - [04/Jan/2026:06:30:31 +0000] "GET /contact HTTP/1.1" 301 2760 "-" "Mozilla/5.0 (X11; Linux x86_64)"
10.10.10.5 - - [04/Jan/2026:01:26:55 +0000] "GET /search?q=<script>alert('Hacked')</script> HTTP/1.1" 200 4654 "-" "Mozilla/5.0 (X11; Linux x86_64)"
192.168.1.5 - - [03/Jan/2026:18:11:51 +0000] "GET /index.php HTTP/1.1" 304 4285 "-" "Googlebot/2.1 (+http://www.google.com/bot.html)"
10.10.10.5 - - [03/Jan/2026:20:00:38 +0000] "GET /products?id=1 HTTP/1.1" 200 2013 "-" "Mozilla/5.0 (Windows NT 10.0; Win64; x64)"
192.168.1.102 - - [04/Jan/2026:05:26:11 +0000] "GET /contact HTTP/1.1" 301 3175 "-" "Mozilla/5.0 (Windows NT 10.0; Win64; x64)"
10.10.10.5 - - [04/Jan/2026:12:51:18 +0000] "GET /index.php HTTP/1.1" 200 2094 "-" "Mozilla/5.0 (Windows NT 10.0; Win64; x64)"
192.168.1.102 - - [04/Jan/2026:06:24:26 +0000] "GET /contact HTTP/1.1" 301 2923 "-" "Mozilla/5.0 (Windows NT 10.0; Win64; x64)"
172.16.0.55 - - [03/Jan/2026:21:48:01 +0000] "GET /images/logo.png HTTP/1.1" 200 4106 "-" "Mozilla/5.0 (Windows NT 10.0; Win64; x64)"
185.100.20.1 - - [04/Jan/2026:10:43:05 +0000] "GET /search?q=<script>alert('Hacked')</script> HTTP/1.1" 200 2985 "-" "Mozilla/5.0 (Windows NT 10.0; Win64; x64)"
14.14.14.14 - - [03/Jan/2026:20:33:56 +0000] "GET /login?user=admin&pass=' OR '1'='1 HTTP/1.1" 500 3908 "-" "Mozilla/5.0 (X11; Linux x86_64)"
192.168.1.102 - - [04/Jan/2026:10:22:09 +0000] "GET /api?payload=eyJmb28iOiJhYmMifQ== HTTP/1.1" 200 4388 "-" "Mozilla/5.0 (X11; Linux x86_64)"
10.10.10.5 - - [03/Jan/2026:16:52:57 +0000] "GET /products?id=1 HTTP/1.1" 200 3340 "-" "Mozilla/5.0 (X11; Linux x86_64)"
